../Core/Src/main.c:72:5:main	8	static
../Core/Src/main.c:119:6:SystemClock_Config	88	static
../Core/Src/main.c:166:13:MX_ADC1_Init	24	static
../Core/Src/main.c:227:13:MX_USART2_UART_Init	8	static
../Core/Src/main.c:258:13:MX_DMA_Init	16	static
../Core/Src/main.c:276:13:MX_GPIO_Init	48	static
../Core/Src/main.c:309:6:HAL_GPIO_EXTI_Callback	16	static
../Core/Src/main.c:318:6:HAL_ADC_ConvCpltCallback	16	static
../Core/Src/main.c:323:6:FindAverage	16	static
../Core/Src/main.c:339:6:Error_Handler	4	static,ignoring_inline_asm
